fsl_gpio.h:162:20:GPIO_PinWrite	32	static
fsl_gpio.h:204:20:GPIO_PortToggle	16	static
lwip_mqtt_freertos.c:163:13:mqtt_topic_subscribed_cb	24	static
lwip_mqtt_freertos.c:180:13:mqtt_incoming_publish_cb	24	static
lwip_mqtt_freertos.c:190:13:mqtt_incoming_data_cb	32	static
lwip_mqtt_freertos.c:233:6:mqtt_flash_red	8	static
lwip_mqtt_freertos.c:251:6:mqtt_evaluate_amount	24	static
lwip_mqtt_freertos.c:316:6:mqtt_set_maximum	16	static
lwip_mqtt_freertos.c:324:13:mqtt_subscribe_topics	48	static
lwip_mqtt_freertos.c:356:13:mqtt_connection_cb	32	static
lwip_mqtt_freertos.c:413:13:connect_to_mqtt	24	static
lwip_mqtt_freertos.c:426:13:mqtt_message_published_cb	24	static
lwip_mqtt_freertos.c:443:13:publish_message	40	static
lwip_mqtt_freertos.c:470:13:publish_config	40	static
lwip_mqtt_freertos.c:498:13:app_thread	32	static
lwip_mqtt_freertos.c:562:13:generate_client_id	48	static
lwip_mqtt_freertos.c:583:5:main	56	static
